// Jest Snapshot v1, https://goo.gl/fbAQLP

exports[`List Screen Test Should match with snapshot 1`] = `
<View
  style={
    {
      "flex": 1,
    }
  }
>
  <Text>
    OnboardingScreen
  </Text>
</View>
`;
